// Jest Snapshot v1, https://goo.gl/fbAQLP

exports[`Shapes circle should construct a circle with the correct values: <svg xmlns="http://www.w3.org/2000/svg" width="300" height="200">
                <circle cx="150" cy="100" r="80" fill="green"></circle>
                <text x="150" y="122.5" font-size="60" text-anchor="middle" fill="white">NJS</text>
          </svg> 1`] = `
"<svg xmlns="http://www.w3.org/2000/svg" width="300" height="200">
        <circle cx="150" cy="100" r="80" fill="green"></circle>
        <text x="150" y="122.5" font-size="60" text-anchor="middle" fill="white">NJS</text>
      </svg>"
`;

exports[`Shapes square should construct a square with the correct values: <svg xmlns="http://www.w3.org/2000/svg" width="300" height="200">
            <rect x='80' y='20' width="160" height="160" fill="green"></rect>
            <text x="160" y="120" font-size="60" text-anchor="middle" fill="white">NJS</text>
          </svg> 1`] = `
"<svg xmlns="http://www.w3.org/2000/svg" width="300" height="200">
              <rect x='80' y='20' width="160" height="160" fill="green"></rect>
              <text x="160" y="120" font-size="60" text-anchor="middle" fill="white">NJS</text>
            </svg>"
`;

exports[`Shapes triangle should construct a triangle with the correct values: <svg xmlns="http://www.w3.org/2000/svg" width="300" height="200">
            <polygon points="undefined,undefined undefined,undefined undefined,undefined" fill="green"></polygon>
            <text x="180" y="175" font-size="60" text-anchor="middle" fill="white">NJS</text>
          </svg> 1`] = `
"<svg xmlns="http://www.w3.org/2000/svg" width="300" height="200">
              <polygon points="100,200 260,200 180,20" fill="green"></polygon>
              <text x="180" y="175" font-size="60" text-anchor="middle" fill="white">NJS</text>
            </svg>"
`;
